
Efinity Interface Designer Timing Report
Version: 2023.1.150
Date: 2024-02-06 18:25

Copyright (C) 2017 - 2023 Efinix Inc. All rights reserved.

Device: T85F324
Project: UART_DEMO
Timing Model: C3 (final)

---------- 1. PLL Timing Report (begin) ----------

+-------+-------------+-----------------------+
| Clock | Period (ns) | Phase Shift (degrees) |
+-------+-------------+-----------------------+
| i_clk |   10.0000   |           0           |
+-------+-------------+-----------------------+

---------- PLL Timing Report (end) ----------

---------- 2. GPIO Timing Report (begin) ----------

Non-registered GPIO Configuration:
===================================

+---------------+----------+-----------+----------+----------+
| Instance Name | Pin Name | Parameter | Max (ns) | Min (ns) |
+---------------+----------+-----------+----------+----------+
|     Clk_in    |  Clk_in  |  GPIO_IN  |  1.919   |  0.738   |
|     i_data    |   data   |  GPIO_IN  |  1.815   |  0.698   |
|      done     | tx_done  |  GPIO_OUT |  5.290   |  2.034   |
|     out_tx    | f_tx_out |  GPIO_OUT |  4.978   |  1.915   |
+---------------+----------+-----------+----------+----------+

---------- GPIO Timing Report (end) ----------
